=======================================
report date: Thu Jun 18 01:37:56 PM +0330 2026
host name
sam-VMware-Virtual-Platform

current user
sam

uptime
 13:37:56 up  1:54,  1 user,  load average: 0.06, 0.09, 0.04

disk usage
Filesystem      Size  Used Avail Use% Mounted on
tmpfs           387M  2.1M  385M   1% /run
/dev/sda2        20G   12G  6.8G  64% /
tmpfs           1.9G     0  1.9G   0% /dev/shm
tmpfs           5.0M  8.0K  5.0M   1% /run/lock
tmpfs           387M  136K  387M   1% /run/user/1000
/dev/sr1        6.0G  6.0G     0 100% /media/sam/Ubuntu 24.04.2 LTS amd64
/dev/sr0         90M   90M     0 100% /media/sam/CDROM

memory usage
               total        used        free      shared  buff/cache   available
Mem:           3.8Gi       1.4Gi       523Mi        34Mi       2.1Gi       2.4Gi
Swap:          3.6Gi          0B       3.6Gi

current Disk Usage: 64%
[0;32mDisk usage is normal[0m
RAM USAGE : 36%
[0;32mRAM Usage is normal[0m
[0;31mWarning: ssh service is down[0m
[0;31mWarning: nginx service is down[0m
[0;32mdocker service is running[0m
=======================================
report date: Thu Jun 25 05:54:15 PM +0330 2026
host name
sam-VMware-Virtual-Platform

current user
sam

uptime
 17:54:15 up 7 min,  1 user,  load average: 0.07, 1.13, 0.84

disk usage
Filesystem      Size  Used Avail Use% Mounted on
tmpfs           387M  2.0M  385M   1% /run
/dev/sda2        20G   13G  5.8G  69% /
tmpfs           1.9G     0  1.9G   0% /dev/shm
tmpfs           5.0M  8.0K  5.0M   1% /run/lock
tmpfs           387M  128K  387M   1% /run/user/1000
/dev/sr1        6.0G  6.0G     0 100% /media/sam/Ubuntu 24.04.2 LTS amd64
/dev/sr0         90M   90M     0 100% /media/sam/CDROM

memory usage
               total        used        free      shared  buff/cache   available
Mem:           3.8Gi       1.4Gi       1.5Gi        37Mi       1.2Gi       2.4Gi
Swap:          3.6Gi          0B       3.6Gi

current Disk Usage: 69%
[0;32mDisk usage is normal[0m
RAM USAGE : 37%
[0;32mRAM Usage is normal[0m
[0;31mWarning: ssh service is down[0m
[0;31mWarning: nginx service is down[0m
[0;32mdocker service is running[0m
=======================================
report date: Thu Jun 25 06:33:51 PM +0330 2026
host name
sam-VMware-Virtual-Platform

current user
sam

uptime
 18:33:51 up 46 min,  1 user,  load average: 0.01, 0.02, 0.07

disk usage
Filesystem      Size  Used Avail Use% Mounted on
tmpfs           387M  2.1M  385M   1% /run
/dev/sda2        20G   13G  5.8G  70% /
tmpfs           1.9G     0  1.9G   0% /dev/shm
tmpfs           5.0M  8.0K  5.0M   1% /run/lock
tmpfs           387M  136K  387M   1% /run/user/1000
/dev/sr1        6.0G  6.0G     0 100% /media/sam/Ubuntu 24.04.2 LTS amd64
/dev/sr0         90M   90M     0 100% /media/sam/CDROM

memory usage
               total        used        free      shared  buff/cache   available
Mem:           3.8Gi       1.4Gi       1.3Gi        34Mi       1.3Gi       2.3Gi
Swap:          3.6Gi          0B       3.6Gi

current Disk Usage: 70%
[0;31mWARNING: Disk usage is above 20%[0m
RAM USAGE : 37%
[0;31mWARNING: RAM Usage is above 20%[0m
[0;31mWarning: ssh service is down[0m
[0;31mWarning: nginx service is down[0m
[0;32mdocker service is running[0m
=======================================
report date: Thu Jun 25 06:41:04 PM +0330 2026
host name
sam-VMware-Virtual-Platform

current user
sam

uptime
 18:41:04 up 54 min,  1 user,  load average: 0.08, 0.07, 0.08

disk usage
Filesystem      Size  Used Avail Use% Mounted on
tmpfs           387M  2.1M  385M   1% /run
/dev/sda2        20G   13G  5.8G  70% /
tmpfs           1.9G     0  1.9G   0% /dev/shm
tmpfs           5.0M  8.0K  5.0M   1% /run/lock
tmpfs           387M  136K  387M   1% /run/user/1000
/dev/sr1        6.0G  6.0G     0 100% /media/sam/Ubuntu 24.04.2 LTS amd64
/dev/sr0         90M   90M     0 100% /media/sam/CDROM

memory usage
               total        used        free      shared  buff/cache   available
Mem:           3.8Gi       1.4Gi       1.3Gi        34Mi       1.3Gi       2.3Gi
Swap:          3.6Gi          0B       3.6Gi

current Disk Usage: 70%
[0;32mDisk usage is normal[0m
RAM USAGE : 37%
[0;32mRAM Usage is normal[0m
[0;31mWarning: ssh service is down[0m
[0;31mWarning: nginx service is down[0m
[0;32mdocker service is running[0m
=======================================
report date: Thu Jun 25 06:44:17 PM +0330 2026
host name
sam-VMware-Virtual-Platform

current user
sam

uptime
 18:44:17 up 57 min,  1 user,  load average: 0.09, 0.08, 0.08

disk usage
Filesystem      Size  Used Avail Use% Mounted on
tmpfs           387M  2.1M  385M   1% /run
/dev/sda2        20G   13G  5.8G  70% /
tmpfs           1.9G     0  1.9G   0% /dev/shm
tmpfs           5.0M  8.0K  5.0M   1% /run/lock
tmpfs           387M  136K  387M   1% /run/user/1000
/dev/sr1        6.0G  6.0G     0 100% /media/sam/Ubuntu 24.04.2 LTS amd64
/dev/sr0         90M   90M     0 100% /media/sam/CDROM

memory usage
               total        used        free      shared  buff/cache   available
Mem:           3.8Gi       1.4Gi       1.3Gi        34Mi       1.3Gi       2.3Gi
Swap:          3.6Gi          0B       3.6Gi

current Disk Usage: 70%
[0;32mDisk usage is normal[0m
[0;31mWarning: ssh service is down[0m
[0;31mWarning: nginx service is down[0m
[0;32mdocker service is running[0m
=======================================
report date: Thu Jun 25 06:44:57 PM +0330 2026
host name
sam-VMware-Virtual-Platform

current user
sam

uptime
 18:44:57 up 57 min,  1 user,  load average: 0.15, 0.10, 0.09

disk usage
Filesystem      Size  Used Avail Use% Mounted on
tmpfs           387M  2.1M  385M   1% /run
/dev/sda2        20G   13G  5.8G  70% /
tmpfs           1.9G     0  1.9G   0% /dev/shm
tmpfs           5.0M  8.0K  5.0M   1% /run/lock
tmpfs           387M  136K  387M   1% /run/user/1000
/dev/sr1        6.0G  6.0G     0 100% /media/sam/Ubuntu 24.04.2 LTS amd64
/dev/sr0         90M   90M     0 100% /media/sam/CDROM

memory usage
               total        used        free      shared  buff/cache   available
Mem:           3.8Gi       1.4Gi       1.3Gi        34Mi       1.3Gi       2.3Gi
Swap:          3.6Gi          0B       3.6Gi

current Disk Usage: 70%
[0;32mDisk usage is normal[0m
RAM USAGE : 38%
[0;32mRAM Usage is normal[0m
[0;31mWarning: ssh service is down[0m
[0;31mWarning: nginx service is down[0m
[0;32mdocker service is running[0m
